2026-04-25 08:13:10,743 | INFO | 
======================================================================
2026-04-25 08:13:10,744 | INFO | NSE STOCK VOLATILITY PREDICTION PIPELINE
2026-04-25 08:13:10,744 | INFO | Started: 2026-04-25 08:13:10
2026-04-25 08:13:10,745 | INFO | ======================================================================
2026-04-25 08:13:10,746 | WARNING | [WARN] Missing: DANGSUG, DANGCEM, MTNN, GTCO, SEPLAT, AIRTEL, INTERBREW, FIRSTHOLDCO, ETI, ZENITH, CWG, NESTLE, NB, ACCESS, WAPCO
2026-04-25 08:13:10,746 | ERROR | [FAIL] No stocks found!
2026-04-25 08:13:10,747 | INFO | [INFO] Looking in: C:\Users\DREAMUSER\Documents\NSE Volatility Project\NSE_Volatility_Project\src\data\raw
2026-04-25 08:15:05,131 | INFO | 
======================================================================
2026-04-25 08:15:05,132 | INFO | NSE STOCK VOLATILITY PREDICTION PIPELINE
2026-04-25 08:15:05,132 | INFO | Started: 2026-04-25 08:15:05
2026-04-25 08:15:05,133 | INFO | ======================================================================
2026-04-25 08:15:05,134 | INFO | [OK] Found 15 stocks to process
2026-04-25 08:15:05,134 | INFO | 
============================================================
2026-04-25 08:15:05,134 | INFO | Processing: DANGSUG
2026-04-25 08:15:05,134 | INFO | ============================================================
2026-04-25 08:15:05,135 | INFO | [1/6] Loading raw data...
2026-04-25 08:15:05,135 | INFO | [WAIT] Loading DANGSUG
2026-04-25 08:15:05,348 | ERROR | [FAIL] Could not load DANGSUG
2026-04-25 08:15:05,348 | ERROR | [FAIL] Failed to load data
2026-04-25 08:15:05,350 | INFO | 
============================================================
2026-04-25 08:15:05,351 | INFO | Processing: DANGCEM
2026-04-25 08:15:05,351 | INFO | ============================================================
2026-04-25 08:15:05,351 | INFO | [1/6] Loading raw data...
2026-04-25 08:15:05,351 | INFO | [WAIT] Loading DANGCEM
2026-04-25 08:15:05,533 | ERROR | [FAIL] Could not load DANGCEM
2026-04-25 08:15:05,533 | ERROR | [FAIL] Failed to load data
2026-04-25 08:15:05,535 | INFO | 
============================================================
2026-04-25 08:15:05,535 | INFO | Processing: MTNN
2026-04-25 08:15:05,535 | INFO | ============================================================
2026-04-25 08:15:05,536 | INFO | [1/6] Loading raw data...
2026-04-25 08:15:05,536 | INFO | [WAIT] Loading MTNN
2026-04-25 08:15:05,712 | ERROR | [FAIL] Could not load MTNN
2026-04-25 08:15:05,713 | ERROR | [FAIL] Failed to load data
2026-04-25 08:15:05,714 | INFO | 
============================================================
2026-04-25 08:15:05,714 | INFO | Processing: GTCO
2026-04-25 08:15:05,715 | INFO | ============================================================
2026-04-25 08:15:05,715 | INFO | [1/6] Loading raw data...
2026-04-25 08:15:05,715 | INFO | [WAIT] Loading GTCO
2026-04-25 08:15:05,897 | ERROR | [FAIL] Could not load GTCO
2026-04-25 08:15:05,897 | ERROR | [FAIL] Failed to load data
2026-04-25 08:15:05,898 | INFO | 
============================================================
2026-04-25 08:15:05,899 | INFO | Processing: SEPLAT
2026-04-25 08:15:05,899 | INFO | ============================================================
2026-04-25 08:15:05,899 | INFO | [1/6] Loading raw data...
2026-04-25 08:15:05,900 | INFO | [WAIT] Loading SEPLAT
2026-04-25 08:15:06,087 | ERROR | [FAIL] Could not load SEPLAT
2026-04-25 08:15:06,088 | ERROR | [FAIL] Failed to load data
2026-04-25 08:15:06,089 | INFO | 
============================================================
2026-04-25 08:15:06,089 | INFO | Processing: AIRTEL
2026-04-25 08:15:06,090 | INFO | ============================================================
2026-04-25 08:15:06,090 | INFO | [1/6] Loading raw data...
2026-04-25 08:15:06,090 | INFO | [WAIT] Loading AIRTEL
2026-04-25 08:15:06,270 | ERROR | [FAIL] Could not load AIRTEL
2026-04-25 08:15:06,270 | ERROR | [FAIL] Failed to load data
2026-04-25 08:15:06,272 | INFO | 
============================================================
2026-04-25 08:15:06,272 | INFO | Processing: INTERBREW
2026-04-25 08:15:06,272 | INFO | ============================================================
2026-04-25 08:15:06,273 | INFO | [1/6] Loading raw data...
2026-04-25 08:15:06,273 | INFO | [WAIT] Loading INTERBREW
2026-04-25 08:15:06,443 | ERROR | [FAIL] Could not load INTERBREW
2026-04-25 08:15:06,444 | ERROR | [FAIL] Failed to load data
2026-04-25 08:15:06,445 | INFO | 
============================================================
2026-04-25 08:15:06,445 | INFO | Processing: FIRSTHOLDCO
2026-04-25 08:15:06,446 | INFO | ============================================================
2026-04-25 08:15:06,446 | INFO | [1/6] Loading raw data...
2026-04-25 08:15:06,446 | INFO | [WAIT] Loading FIRSTHOLDCO
2026-04-25 08:15:06,619 | ERROR | [FAIL] Could not load FIRSTHOLDCO
2026-04-25 08:15:06,619 | ERROR | [FAIL] Failed to load data
2026-04-25 08:15:06,621 | INFO | 
============================================================
2026-04-25 08:15:06,621 | INFO | Processing: ETI
2026-04-25 08:15:06,621 | INFO | ============================================================
2026-04-25 08:15:06,622 | INFO | [1/6] Loading raw data...
2026-04-25 08:15:06,622 | INFO | [WAIT] Loading ETI
2026-04-25 08:15:06,794 | ERROR | [FAIL] Could not load ETI
2026-04-25 08:15:06,795 | ERROR | [FAIL] Failed to load data
2026-04-25 08:15:06,796 | INFO | 
============================================================
2026-04-25 08:15:06,796 | INFO | Processing: ZENITH
2026-04-25 08:15:06,796 | INFO | ============================================================
2026-04-25 08:15:06,797 | INFO | [1/6] Loading raw data...
2026-04-25 08:15:06,797 | INFO | [WAIT] Loading ZENITH
2026-04-25 08:15:06,985 | ERROR | [FAIL] Could not load ZENITH
2026-04-25 08:15:06,985 | ERROR | [FAIL] Failed to load data
2026-04-25 08:15:06,987 | INFO | 
============================================================
2026-04-25 08:15:06,987 | INFO | Processing: CWG
2026-04-25 08:15:06,987 | INFO | ============================================================
2026-04-25 08:15:06,988 | INFO | [1/6] Loading raw data...
2026-04-25 08:15:06,988 | INFO | [WAIT] Loading CWG
2026-04-25 08:15:07,128 | ERROR | [FAIL] Could not load CWG
2026-04-25 08:15:07,128 | ERROR | [FAIL] Failed to load data
2026-04-25 08:15:07,129 | INFO | 
============================================================
2026-04-25 08:15:07,130 | INFO | Processing: NESTLE
2026-04-25 08:15:07,130 | INFO | ============================================================
2026-04-25 08:15:07,130 | INFO | [1/6] Loading raw data...
2026-04-25 08:15:07,131 | INFO | [WAIT] Loading NESTLE
2026-04-25 08:15:07,305 | ERROR | [FAIL] Could not load NESTLE
2026-04-25 08:15:07,305 | ERROR | [FAIL] Failed to load data
2026-04-25 08:15:07,306 | INFO | 
============================================================
2026-04-25 08:15:07,307 | INFO | Processing: NB
2026-04-25 08:15:07,307 | INFO | ============================================================
2026-04-25 08:15:07,307 | INFO | [1/6] Loading raw data...
2026-04-25 08:15:07,308 | INFO | [WAIT] Loading NB
2026-04-25 08:15:07,485 | ERROR | [FAIL] Could not load NB
2026-04-25 08:15:07,485 | ERROR | [FAIL] Failed to load data
2026-04-25 08:15:07,487 | INFO | 
============================================================
2026-04-25 08:15:07,487 | INFO | Processing: ACCESS
2026-04-25 08:15:07,487 | INFO | ============================================================
2026-04-25 08:15:07,488 | INFO | [1/6] Loading raw data...
2026-04-25 08:15:07,488 | INFO | [WAIT] Loading ACCESS
2026-04-25 08:15:07,608 | ERROR | [FAIL] Could not load ACCESS
2026-04-25 08:15:07,609 | ERROR | [FAIL] Failed to load data
2026-04-25 08:15:07,610 | INFO | 
============================================================
2026-04-25 08:15:07,610 | INFO | Processing: WAPCO
2026-04-25 08:15:07,610 | INFO | ============================================================
2026-04-25 08:15:07,611 | INFO | [1/6] Loading raw data...
2026-04-25 08:15:07,611 | INFO | [WAIT] Loading WAPCO
2026-04-25 08:15:07,780 | ERROR | [FAIL] Could not load WAPCO
2026-04-25 08:15:07,780 | ERROR | [FAIL] Failed to load data
2026-04-25 08:15:07,785 | INFO | 
[OK] Reports saved to C:\Users\DREAMUSER\Documents\NSE Volatility Project\NSE_Volatility_Project\src\results\tables
2026-04-25 08:15:07,785 | INFO | 
======================================================================
2026-04-25 08:15:07,785 | INFO | PIPELINE COMPLETE
2026-04-25 08:15:07,786 | INFO | Success: 0/15 stocks
2026-04-25 08:15:07,787 | INFO | Time: 0.0 minutes
2026-04-25 08:15:07,787 | INFO | ======================================================================
2026-04-25 08:15:07,788 | INFO | Dashboard-compatible files created:
2026-04-25 08:15:07,788 | INFO |    - data/processed/{stock}_features.csv
2026-04-25 08:15:07,789 | INFO |    - results/tables/{stock}_model_comparison.csv
2026-04-25 08:15:07,789 | INFO |    - results/forecasts/{stock}_predictions.csv
2026-04-25 08:15:07,790 | INFO | 
Run: streamlit run app.py
2026-04-25 08:15:07,790 | INFO | ======================================================================
2026-04-25 08:16:32,461 | INFO | 
======================================================================
2026-04-25 08:16:32,461 | INFO | NSE STOCK VOLATILITY PREDICTION PIPELINE
2026-04-25 08:16:32,462 | INFO | Started: 2026-04-25 08:16:32
2026-04-25 08:16:32,462 | INFO | ======================================================================
2026-04-25 08:16:32,463 | INFO | [OK] Found 15 stocks to process
2026-04-25 08:16:32,463 | INFO | 
============================================================
2026-04-25 08:16:32,464 | INFO | Processing: DANGSUG
2026-04-25 08:16:32,464 | INFO | ============================================================
2026-04-25 08:16:32,464 | INFO | [1/6] Loading raw data...
2026-04-25 08:16:32,464 | INFO | [WAIT] Loading DANGSUG
2026-04-25 08:16:32,785 | ERROR | [FAIL] Could not load DANGSUG
2026-04-25 08:16:32,785 | ERROR | [FAIL] Failed to load data
2026-04-25 08:16:32,788 | INFO | 
============================================================
2026-04-25 08:16:32,788 | INFO | Processing: DANGCEM
2026-04-25 08:16:32,788 | INFO | ============================================================
2026-04-25 08:16:32,788 | INFO | [1/6] Loading raw data...
2026-04-25 08:16:32,789 | INFO | [WAIT] Loading DANGCEM
2026-04-25 08:16:32,964 | ERROR | [FAIL] Could not load DANGCEM
2026-04-25 08:16:32,964 | ERROR | [FAIL] Failed to load data
2026-04-25 08:16:32,966 | INFO | 
============================================================
2026-04-25 08:16:32,966 | INFO | Processing: MTNN
2026-04-25 08:16:32,966 | INFO | ============================================================
2026-04-25 08:16:32,966 | INFO | [1/6] Loading raw data...
2026-04-25 08:16:32,967 | INFO | [WAIT] Loading MTNN
2026-04-25 08:16:33,136 | ERROR | [FAIL] Could not load MTNN
2026-04-25 08:16:33,137 | ERROR | [FAIL] Failed to load data
2026-04-25 08:16:33,138 | INFO | 
============================================================
2026-04-25 08:16:33,138 | INFO | Processing: GTCO
2026-04-25 08:16:33,139 | INFO | ============================================================
2026-04-25 08:16:33,139 | INFO | [1/6] Loading raw data...
2026-04-25 08:16:33,139 | INFO | [WAIT] Loading GTCO
2026-04-25 08:16:33,318 | ERROR | [FAIL] Could not load GTCO
2026-04-25 08:16:33,318 | ERROR | [FAIL] Failed to load data
2026-04-25 08:16:33,320 | INFO | 
============================================================
2026-04-25 08:16:33,320 | INFO | Processing: SEPLAT
2026-04-25 08:16:33,320 | INFO | ============================================================
2026-04-25 08:16:33,320 | INFO | [1/6] Loading raw data...
2026-04-25 08:16:33,321 | INFO | [WAIT] Loading SEPLAT
2026-04-25 08:16:33,509 | ERROR | [FAIL] Could not load SEPLAT
2026-04-25 08:16:33,509 | ERROR | [FAIL] Failed to load data
2026-04-25 08:16:33,511 | INFO | 
============================================================
2026-04-25 08:16:33,511 | INFO | Processing: AIRTEL
2026-04-25 08:16:33,511 | INFO | ============================================================
2026-04-25 08:16:33,512 | INFO | [1/6] Loading raw data...
2026-04-25 08:16:33,512 | INFO | [WAIT] Loading AIRTEL
2026-04-25 08:16:33,697 | ERROR | [FAIL] Could not load AIRTEL
2026-04-25 08:16:33,698 | ERROR | [FAIL] Failed to load data
2026-04-25 08:16:33,699 | INFO | 
============================================================
2026-04-25 08:16:33,700 | INFO | Processing: INTERBREW
2026-04-25 08:16:33,700 | INFO | ============================================================
2026-04-25 08:16:33,700 | INFO | [1/6] Loading raw data...
2026-04-25 08:16:33,700 | INFO | [WAIT] Loading INTERBREW
2026-04-25 08:16:33,867 | ERROR | [FAIL] Could not load INTERBREW
2026-04-25 08:16:33,867 | ERROR | [FAIL] Failed to load data
2026-04-25 08:16:33,869 | INFO | 
============================================================
2026-04-25 08:16:33,869 | INFO | Processing: FIRSTHOLDCO
2026-04-25 08:16:33,869 | INFO | ============================================================
2026-04-25 08:16:33,870 | INFO | [1/6] Loading raw data...
2026-04-25 08:16:33,870 | INFO | [WAIT] Loading FIRSTHOLDCO
2026-04-25 08:16:34,045 | ERROR | [FAIL] Could not load FIRSTHOLDCO
2026-04-25 08:16:34,045 | ERROR | [FAIL] Failed to load data
2026-04-25 08:16:34,046 | INFO | 
============================================================
2026-04-25 08:16:34,047 | INFO | Processing: ETI
2026-04-25 08:16:34,047 | INFO | ============================================================
2026-04-25 08:16:34,047 | INFO | [1/6] Loading raw data...
2026-04-25 08:16:34,047 | INFO | [WAIT] Loading ETI
2026-04-25 08:16:34,221 | ERROR | [FAIL] Could not load ETI
2026-04-25 08:16:34,222 | ERROR | [FAIL] Failed to load data
2026-04-25 08:16:34,223 | INFO | 
============================================================
2026-04-25 08:16:34,223 | INFO | Processing: ZENITH
2026-04-25 08:16:34,224 | INFO | ============================================================
2026-04-25 08:16:34,224 | INFO | [1/6] Loading raw data...
2026-04-25 08:16:34,224 | INFO | [WAIT] Loading ZENITH
2026-04-25 08:16:34,407 | ERROR | [FAIL] Could not load ZENITH
2026-04-25 08:16:34,407 | ERROR | [FAIL] Failed to load data
2026-04-25 08:16:34,408 | INFO | 
============================================================
2026-04-25 08:16:34,409 | INFO | Processing: CWG
2026-04-25 08:16:34,409 | INFO | ============================================================
2026-04-25 08:16:34,409 | INFO | [1/6] Loading raw data...
2026-04-25 08:16:34,410 | INFO | [WAIT] Loading CWG
2026-04-25 08:16:34,549 | ERROR | [FAIL] Could not load CWG
2026-04-25 08:16:34,549 | ERROR | [FAIL] Failed to load data
2026-04-25 08:16:34,550 | INFO | 
============================================================
2026-04-25 08:16:34,551 | INFO | Processing: NESTLE
2026-04-25 08:16:34,551 | INFO | ============================================================
2026-04-25 08:16:34,552 | INFO | [1/6] Loading raw data...
2026-04-25 08:16:34,552 | INFO | [WAIT] Loading NESTLE
2026-04-25 08:16:34,757 | ERROR | [FAIL] Could not load NESTLE
2026-04-25 08:16:34,757 | ERROR | [FAIL] Failed to load data
2026-04-25 08:16:34,759 | INFO | 
============================================================
2026-04-25 08:16:34,759 | INFO | Processing: NB
2026-04-25 08:16:34,759 | INFO | ============================================================
2026-04-25 08:16:34,759 | INFO | [1/6] Loading raw data...
2026-04-25 08:16:34,760 | INFO | [WAIT] Loading NB
2026-04-25 08:16:34,928 | ERROR | [FAIL] Could not load NB
2026-04-25 08:16:34,929 | ERROR | [FAIL] Failed to load data
2026-04-25 08:16:34,930 | INFO | 
============================================================
2026-04-25 08:16:34,931 | INFO | Processing: ACCESS
2026-04-25 08:16:34,931 | INFO | ============================================================
2026-04-25 08:16:34,932 | INFO | [1/6] Loading raw data...
2026-04-25 08:16:34,932 | INFO | [WAIT] Loading ACCESS
2026-04-25 08:16:35,050 | ERROR | [FAIL] Could not load ACCESS
2026-04-25 08:16:35,050 | ERROR | [FAIL] Failed to load data
2026-04-25 08:16:35,052 | INFO | 
============================================================
2026-04-25 08:16:35,052 | INFO | Processing: WAPCO
2026-04-25 08:16:35,052 | INFO | ============================================================
2026-04-25 08:16:35,053 | INFO | [1/6] Loading raw data...
2026-04-25 08:16:35,053 | INFO | [WAIT] Loading WAPCO
2026-04-25 08:16:35,233 | ERROR | [FAIL] Could not load WAPCO
2026-04-25 08:16:35,234 | ERROR | [FAIL] Failed to load data
2026-04-25 08:16:35,238 | INFO | 
[OK] Reports saved to C:\Users\DREAMUSER\Documents\NSE Volatility Project\NSE_Volatility_Project\src\results\tables
2026-04-25 08:16:35,238 | INFO | 
======================================================================
2026-04-25 08:16:35,238 | INFO | PIPELINE COMPLETE
2026-04-25 08:16:35,239 | INFO | Success: 0/15 stocks
2026-04-25 08:16:35,241 | INFO | Time: 0.0 minutes
2026-04-25 08:16:35,242 | INFO | ======================================================================
2026-04-25 08:16:35,242 | INFO | Dashboard-compatible files created:
2026-04-25 08:16:35,243 | INFO |    - data/processed/{stock}_features.csv
2026-04-25 08:16:35,243 | INFO |    - results/tables/{stock}_model_comparison.csv
2026-04-25 08:16:35,244 | INFO |    - results/forecasts/{stock}_predictions.csv
2026-04-25 08:16:35,245 | INFO | 
Run: streamlit run app.py
2026-04-25 08:16:35,246 | INFO | ======================================================================
2026-04-25 08:34:43,106 | INFO | 
======================================================================
2026-04-25 08:34:43,106 | INFO | NSE STOCK VOLATILITY PREDICTION PIPELINE
2026-04-25 08:34:43,106 | INFO | Started: 2026-04-25 08:34:43
2026-04-25 08:34:43,107 | INFO | ======================================================================
2026-04-25 08:34:43,108 | INFO | [OK] Found 14 stocks to process
2026-04-25 08:34:43,108 | INFO | 
============================================================
2026-04-25 08:34:43,108 | INFO | Processing: DANGCEM
2026-04-25 08:34:43,109 | INFO | ============================================================
2026-04-25 08:34:43,109 | INFO | [1/6] Loading raw data...
2026-04-25 08:34:43,109 | INFO | [WAIT] Loading DANGCEM
2026-04-25 08:34:43,329 | ERROR | [FAIL] Could not load DANGCEM
2026-04-25 08:34:43,330 | ERROR | [FAIL] Failed to load data
2026-04-25 08:34:43,333 | INFO | 
============================================================
2026-04-25 08:34:43,334 | INFO | Processing: MTNN
2026-04-25 08:34:43,334 | INFO | ============================================================
2026-04-25 08:34:43,335 | INFO | [1/6] Loading raw data...
2026-04-25 08:34:43,336 | INFO | [WAIT] Loading MTNN
2026-04-25 08:34:43,526 | ERROR | [FAIL] Could not load MTNN
2026-04-25 08:34:43,526 | ERROR | [FAIL] Failed to load data
2026-04-25 08:34:43,528 | INFO | 
============================================================
2026-04-25 08:34:43,528 | INFO | Processing: GTCO
2026-04-25 08:34:43,528 | INFO | ============================================================
2026-04-25 08:34:43,529 | INFO | [1/6] Loading raw data...
2026-04-25 08:34:43,529 | INFO | [WAIT] Loading GTCO
2026-04-25 08:34:43,710 | ERROR | [FAIL] Could not load GTCO
2026-04-25 08:34:43,711 | ERROR | [FAIL] Failed to load data
2026-04-25 08:34:43,712 | INFO | 
============================================================
2026-04-25 08:34:43,713 | INFO | Processing: SEPLAT
2026-04-25 08:34:43,713 | INFO | ============================================================
2026-04-25 08:34:43,713 | INFO | [1/6] Loading raw data...
2026-04-25 08:34:43,714 | INFO | [WAIT] Loading SEPLAT
2026-04-25 08:34:43,903 | ERROR | [FAIL] Could not load SEPLAT
2026-04-25 08:34:43,904 | ERROR | [FAIL] Failed to load data
2026-04-25 08:34:43,906 | INFO | 
============================================================
2026-04-25 08:34:43,907 | INFO | Processing: AIRTEL
2026-04-25 08:34:43,907 | INFO | ============================================================
2026-04-25 08:34:43,907 | INFO | [1/6] Loading raw data...
2026-04-25 08:34:43,908 | INFO | [WAIT] Loading AIRTEL
2026-04-25 08:34:44,103 | ERROR | [FAIL] Could not load AIRTEL
2026-04-25 08:34:44,103 | ERROR | [FAIL] Failed to load data
2026-04-25 08:34:44,105 | INFO | 
============================================================
2026-04-25 08:34:44,105 | INFO | Processing: INTERBREW
2026-04-25 08:34:44,106 | INFO | ============================================================
2026-04-25 08:34:44,106 | INFO | [1/6] Loading raw data...
2026-04-25 08:34:44,106 | INFO | [WAIT] Loading INTERBREW
2026-04-25 08:34:44,310 | ERROR | [FAIL] Could not load INTERBREW
2026-04-25 08:34:44,310 | ERROR | [FAIL] Failed to load data
2026-04-25 08:34:44,312 | INFO | 
============================================================
2026-04-25 08:34:44,312 | INFO | Processing: FIRSTHOLDCO
2026-04-25 08:34:44,312 | INFO | ============================================================
2026-04-25 08:34:44,313 | INFO | [1/6] Loading raw data...
2026-04-25 08:34:44,313 | INFO | [WAIT] Loading FIRSTHOLDCO
2026-04-25 08:34:44,489 | ERROR | [FAIL] Could not load FIRSTHOLDCO
2026-04-25 08:34:44,490 | ERROR | [FAIL] Failed to load data
2026-04-25 08:34:44,491 | INFO | 
============================================================
2026-04-25 08:34:44,491 | INFO | Processing: ETI
2026-04-25 08:34:44,492 | INFO | ============================================================
2026-04-25 08:34:44,492 | INFO | [1/6] Loading raw data...
2026-04-25 08:34:44,492 | INFO | [WAIT] Loading ETI
2026-04-25 08:34:44,667 | ERROR | [FAIL] Could not load ETI
2026-04-25 08:34:44,668 | ERROR | [FAIL] Failed to load data
2026-04-25 08:34:44,669 | INFO | 
============================================================
2026-04-25 08:34:44,669 | INFO | Processing: ZENITH
2026-04-25 08:34:44,670 | INFO | ============================================================
2026-04-25 08:34:44,670 | INFO | [1/6] Loading raw data...
2026-04-25 08:34:44,670 | INFO | [WAIT] Loading ZENITH
2026-04-25 08:34:44,853 | ERROR | [FAIL] Could not load ZENITH
2026-04-25 08:34:44,854 | ERROR | [FAIL] Failed to load data
2026-04-25 08:34:44,855 | INFO | 
============================================================
2026-04-25 08:34:44,856 | INFO | Processing: CWG
2026-04-25 08:34:44,856 | INFO | ============================================================
2026-04-25 08:34:44,857 | INFO | [1/6] Loading raw data...
2026-04-25 08:34:44,857 | INFO | [WAIT] Loading CWG
2026-04-25 08:34:45,002 | ERROR | [FAIL] Could not load CWG
2026-04-25 08:34:45,002 | ERROR | [FAIL] Failed to load data
2026-04-25 08:34:45,004 | INFO | 
============================================================
2026-04-25 08:34:45,004 | INFO | Processing: NESTLE
2026-04-25 08:34:45,004 | INFO | ============================================================
2026-04-25 08:34:45,004 | INFO | [1/6] Loading raw data...
2026-04-25 08:34:45,005 | INFO | [WAIT] Loading NESTLE
2026-04-25 08:34:45,195 | ERROR | [FAIL] Could not load NESTLE
2026-04-25 08:34:45,196 | ERROR | [FAIL] Failed to load data
2026-04-25 08:34:45,197 | INFO | 
============================================================
2026-04-25 08:34:45,197 | INFO | Processing: NB
2026-04-25 08:34:45,198 | INFO | ============================================================
2026-04-25 08:34:45,198 | INFO | [1/6] Loading raw data...
2026-04-25 08:34:45,198 | INFO | [WAIT] Loading NB
2026-04-25 08:34:45,376 | ERROR | [FAIL] Could not load NB
2026-04-25 08:34:45,377 | ERROR | [FAIL] Failed to load data
2026-04-25 08:34:45,378 | INFO | 
============================================================
2026-04-25 08:34:45,379 | INFO | Processing: ACCESS
2026-04-25 08:34:45,379 | INFO | ============================================================
2026-04-25 08:34:45,380 | INFO | [1/6] Loading raw data...
2026-04-25 08:34:45,380 | INFO | [WAIT] Loading ACCESS
2026-04-25 08:34:45,511 | ERROR | [FAIL] Could not load ACCESS
2026-04-25 08:34:45,512 | ERROR | [FAIL] Failed to load data
2026-04-25 08:34:45,513 | INFO | 
============================================================
2026-04-25 08:34:45,513 | INFO | Processing: WAPCO
2026-04-25 08:34:45,513 | INFO | ============================================================
2026-04-25 08:34:45,514 | INFO | [1/6] Loading raw data...
2026-04-25 08:34:45,514 | INFO | [WAIT] Loading WAPCO
2026-04-25 08:34:45,698 | ERROR | [FAIL] Could not load WAPCO
2026-04-25 08:34:45,698 | ERROR | [FAIL] Failed to load data
2026-04-25 08:34:45,706 | INFO | 
[OK] Reports saved to C:\Users\DREAMUSER\Documents\NSE Volatility Project\NSE_Volatility_Project\src\results\tables
2026-04-25 08:34:45,706 | INFO | 
======================================================================
2026-04-25 08:34:45,706 | INFO | PIPELINE COMPLETE
2026-04-25 08:34:45,707 | INFO | Success: 0/14 stocks
2026-04-25 08:34:45,707 | INFO | Time: 0.0 minutes
2026-04-25 08:34:45,708 | INFO | ======================================================================
2026-04-25 08:34:45,708 | INFO | Dashboard-compatible files created:
2026-04-25 08:34:45,708 | INFO |    - data/processed/{stock}_features.csv
2026-04-25 08:34:45,709 | INFO |    - results/tables/{stock}_model_comparison.csv
2026-04-25 08:34:45,709 | INFO |    - results/forecasts/{stock}_predictions.csv
2026-04-25 08:34:45,709 | INFO | 
Run: streamlit run app.py
2026-04-25 08:34:45,710 | INFO | ======================================================================
2026-04-25 08:53:46,338 | INFO | 
======================================================================
2026-04-25 08:53:46,339 | INFO | NSE STOCK VOLATILITY PREDICTION PIPELINE
2026-04-25 08:53:46,339 | INFO | Started: 2026-04-25 08:53:46
2026-04-25 08:53:46,340 | INFO | ======================================================================
2026-04-25 08:53:46,341 | WARNING | [WARN] Missing: DANGCEM, MTNN, GTCO, SEPLAT, AIRTEL, INTERBREW, FIRSTHOLDCO, ETI, ZENITH, CWG, NESTLE, NB, ACCESS, WAPCO
2026-04-25 08:53:46,341 | ERROR | [FAIL] No stocks found!
2026-04-25 08:53:46,341 | INFO | [INFO] Looking in: C:\Users\DREAMUSER\Documents\NSE Volatility Project\NSE_Volatility_Project\src\data\raw
